
> storm4-proto@0.5.0 dist:win
> vite build && electron-builder --win portable nsis

[36mvite v6.4.3 [32mbuilding for production...[36m[39m
transforming...
[32m✓[39m 31 modules transformed.
rendering chunks...
computing gzip size...
[2mdist/[22m[32mindex.html                [39m[1m[2m  1.06 kB[22m[1m[22m[2m │ gzip:   0.56 kB[22m
[2mdist/[22m[36massets/index-DCvmmAjY.js  [39m[1m[33m825.00 kB[39m[22m[2m │ gzip: 214.84 kB[22m[2m │ map: 2,959.33 kB[22m
[33m
(!) Some chunks are larger than 500 kB after minification. Consider:
- Using dynamic import() to code-split the application
- Use build.rollupOptions.output.manualChunks to improve chunking: https://rollupjs.org/configuration-options/#output-manualchunks
- Adjust chunk size limit for this warning via build.chunkSizeWarningLimit.[39m
[32m✓ built in 1.79s[39m
  • electron-builder  version=25.1.8 os=10.0.26200
  • loaded configuration  file=package.json ("build" field)
  • author is missed in the package.json  appPackageFile=C:\Users\ysoyo\OneDrive\Desktop\wan\storm4-proto\package.json
  • executing @electron/rebuild  electronVersion=33.4.11 arch=x64 buildFromSource=false appDir=./
  • installing native dependencies  arch=x64
  • completed installing native dependencies
  • packaging       platform=win32 arch=x64 electron=33.4.11 appOutDir=release\win-unpacked
  • updating asar integrity executable resource  executablePath=release\win-unpacked\STORM Prototype Build.exe
  • building        target=portable file=release\StormPrototypeBuild-0.5.0-x64.exe archs=x64
