SELECTED ['9indbod1', '9ind00t0 tongue', '9ind00t0 lower teeth', '9ind00t0 upper teeth', '9ind00t0 eye_l', '9ind00t0 eye_r', '9ind00t0 kao', '9ind00t0 kami', '9ind00t0 body'] armature visible True
INFO Draco mesh compression is available, use library at C:\Program Files\Blender Foundation\Blender 4.5\4.5\scripts\addons_core\io_scene_gltf2\extern_draco.dll
03:02:50 | INFO: Starting glTF 2.0 export
03:02:50 | INFO: Extracting primitive: 9ind00t0 body
03:02:50 | WARNING: The active Vertex Color will not be exported, as it is not used in the node tree of the material
03:02:50 | INFO: Primitives created: 2
03:02:50 | INFO: Extracting primitive: 9ind00t0 eye_l
03:02:50 | WARNING: The active Vertex Color will not be exported, as it is not used in the node tree of the material
03:02:50 | INFO: Primitives created: 1
03:02:50 | INFO: Extracting primitive: 9ind00t0 eye_r
03:02:50 | WARNING: The active Vertex Color will not be exported, as it is not used in the node tree of the material
03:02:50 | INFO: Primitives created: 1
03:02:50 | INFO: Extracting primitive: 9ind00t0 kami
03:02:50 | WARNING: The active Vertex Color will not be exported, as it is not used in the node tree of the material
03:02:50 | INFO: Primitives created: 3
03:02:50 | INFO: Extracting primitive: 9ind00t0 kao
03:02:50 | WARNING: The active Vertex Color will not be exported, as it is not used in the node tree of the material
03:02:50 | INFO: Primitives created: 2
03:02:50 | INFO: Extracting primitive: 9ind00t0 lower teeth
03:02:50 | WARNING: The active Vertex Color will not be exported, as it is not used in the node tree of the material
03:02:50 | INFO: Primitives created: 1
03:02:50 | INFO: Extracting primitive: 9ind00t0 tongue
03:02:50 | WARNING: The active Vertex Color will not be exported, as it is not used in the node tree of the material
03:02:50 | INFO: Primitives created: 1
03:02:50 | INFO: Extracting primitive: 9ind00t0 upper teeth
03:02:50 | WARNING: The active Vertex Color will not be exported, as it is not used in the node tree of the material
03:02:50 | INFO: Primitives created: 1
03:02:50 | INFO: Finished glTF 2.0 export in 0.22521138191223145 s

EXPORTED C:/Users/ysoyo/OneDrive/Desktop/wan/storm4-proto/public/assets/9ind.glb 1317524
Blender 4.5.4 LTS (hash b3efe983cc58 built 2025-10-28 14:22:47)
Read blend: "C:\Users\ysoyo\storm2proto\da\indra\Indra.blend"

Blender quit
