=== 2nrt 03:55:54
03:56:21 | WARNING: The active Vertex Color will not be exported, as it is not used in the node tree of the material
03:56:21 | WARNING: The active Vertex Color will not be exported, as it is not used in the node tree of the material
03:56:21 | WARNING: The active Vertex Color will not be exported, as it is not used in the node tree of the material
03:56:21 | WARNING: The active Vertex Color will not be exported, as it is not used in the node tree of the material
03:56:21 | WARNING: The active Vertex Color will not be exported, as it is not used in the node tree of the material
03:56:21 | WARNING: The active Vertex Color will not be exported, as it is not used in the node tree of the material
EXPORTED public/assets/2nrt.glb 10817636
Error: Not freed memory blocks: 1, total unfreed memory 0.000008 MB
-rw-r--r-- 1 ysoyo 197609 10817636 Sep 15 03:57 public/assets/2nrt.glb
=== 2ssk 03:57:35
03:57:59 | WARNING: The active Vertex Color will not be exported, as it is not used in the node tree of the material
03:57:59 | WARNING: The active Vertex Color will not be exported, as it is not used in the node tree of the material
03:57:59 | WARNING: The active Vertex Color will not be exported, as it is not used in the node tree of the material
03:57:59 | WARNING: The active Vertex Color will not be exported, as it is not used in the node tree of the material
03:57:59 | WARNING: The active Vertex Color will not be exported, as it is not used in the node tree of the material
03:57:59 | WARNING: The active Vertex Color will not be exported, as it is not used in the node tree of the material
EXPORTED public/assets/2ssk.glb 14816644
Error: Not freed memory blocks: 1, total unfreed memory 0.000008 MB
-rw-r--r-- 1 ysoyo 197609 14816644 Sep 15 03:59 public/assets/2ssk.glb
=== 2kks 03:59:37
03:59:52 | WARNING: The active Vertex Color will not be exported, as it is not used in the node tree of the material
03:59:52 | WARNING: The active Vertex Color will not be exported, as it is not used in the node tree of the material
03:59:52 | WARNING: The active Vertex Color will not be exported, as it is not used in the node tree of the material
03:59:52 | WARNING: The active Vertex Color will not be exported, as it is not used in the node tree of the material
03:59:52 | WARNING: The active Vertex Color will not be exported, as it is not used in the node tree of the material
03:59:52 | WARNING: The active Vertex Color will not be exported, as it is not used in the node tree of the material
EXPORTED public/assets/2kks.glb 11604968
Error: Not freed memory blocks: 1, total unfreed memory 0.000008 MB
-rw-r--r-- 1 ysoyo 197609 11604968 Sep 15 04:00 public/assets/2kks.glb
=== 2fou 04:00:46
04:01:06 | WARNING: The active Vertex Color will not be exported, as it is not used in the node tree of the material
04:01:06 | WARNING: The active Vertex Color will not be exported, as it is not used in the node tree of the material
04:01:06 | WARNING: The active Vertex Color will not be exported, as it is not used in the node tree of the material
04:01:06 | WARNING: The active Vertex Color will not be exported, as it is not used in the node tree of the material
04:01:06 | WARNING: The active Vertex Color will not be exported, as it is not used in the node tree of the material
04:01:06 | WARNING: The active Vertex Color will not be exported, as it is not used in the node tree of the material
EXPORTED public/assets/2fou.glb 14839472
Error: Not freed memory blocks: 1, total unfreed memory 0.000008 MB
-rw-r--r-- 1 ysoyo 197609 14839472 Sep 15 04:02 public/assets/2fou.glb
=== 2gar 04:02:45
04:03:03 | WARNING: The active Vertex Color will not be exported, as it is not used in the node tree of the material
04:03:03 | WARNING: The active Vertex Color will not be exported, as it is not used in the node tree of the material
04:03:03 | WARNING: The active Vertex Color will not be exported, as it is not used in the node tree of the material
04:03:03 | WARNING: The active Vertex Color will not be exported, as it is not used in the node tree of the material
04:03:03 | WARNING: The active Vertex Color will not be exported, as it is not used in the node tree of the material
04:03:03 | WARNING: The active Vertex Color will not be exported, as it is not used in the node tree of the material
04:03:03 | WARNING: The active Vertex Color will not be exported, as it is not used in the node tree of the material
EXPORTED public/assets/2gar.glb 10987788
-rw-r--r-- 1 ysoyo 197609 10987788 Sep 15 04:04 public/assets/2gar.glb
=== 2itc 04:04:20
04:04:45 | WARNING: The active Vertex Color will not be exported, as it is not used in the node tree of the material
04:04:45 | WARNING: The active Vertex Color will not be exported, as it is not used in the node tree of the material
04:04:45 | WARNING: The active Vertex Color will not be exported, as it is not used in the node tree of the material
04:04:45 | WARNING: The active Vertex Color will not be exported, as it is not used in the node tree of the material
04:04:45 | WARNING: The active Vertex Color will not be exported, as it is not used in the node tree of the material
04:04:45 | WARNING: The active Vertex Color will not be exported, as it is not used in the node tree of the material
EXPORTED public/assets/2itc.glb 13799760
Error: Not freed memory blocks: 1, total unfreed memory 0.000008 MB
-rw-r--r-- 1 ysoyo 197609 13799760 Sep 15 04:06 public/assets/2itc.glb
=== 2ddr 04:06:30
04:06:57 | WARNING: The active Vertex Color will not be exported, as it is not used in the node tree of the material
04:06:57 | WARNING: The active Vertex Color will not be exported, as it is not used in the node tree of the material
04:06:57 | WARNING: The active Vertex Color will not be exported, as it is not used in the node tree of the material
04:06:57 | WARNING: The active Vertex Color will not be exported, as it is not used in the node tree of the material
04:06:57 | WARNING: The active Vertex Color will not be exported, as it is not used in the node tree of the material
04:06:57 | WARNING: The active Vertex Color will not be exported, as it is not used in the node tree of the material
EXPORTED public/assets/2ddr.glb 9747664
Error: Not freed memory blocks: 1, total unfreed memory 0.000008 MB
-rw-r--r-- 1 ysoyo 197609 9747664 Sep 15 04:07 public/assets/2ddr.glb
=== 3mfn 04:07:56
04:08:17 | WARNING: The active Vertex Color will not be exported, as it is not used in the node tree of the material
04:08:17 | WARNING: The active Vertex Color will not be exported, as it is not used in the node tree of the material
04:08:17 | WARNING: The active Vertex Color will not be exported, as it is not used in the node tree of the material
04:08:17 | WARNING: The active Vertex Color will not be exported, as it is not used in the node tree of the material
04:08:17 | WARNING: The active Vertex Color will not be exported, as it is not used in the node tree of the material
04:08:17 | WARNING: The active Vertex Color will not be exported, as it is not used in the node tree of the material
EXPORTED public/assets/3mfn.glb 9969020
Error: Not freed memory blocks: 1, total unfreed memory 0.000008 MB
-rw-r--r-- 1 ysoyo 197609 9969020 Sep 15 04:09 public/assets/3mfn.glb
=== DONE 04:09:25
03:59 public/assets/3mfn.glb
=== DONE 03:59:01
