=== sd07a 03:48:07
03:48:14 | WARNING: The active Vertex Color will not be exported, as it is not used in the node tree of the material
03:48:14 | WARNING: The active Vertex Color will not be exported, as it is not used in the node tree of the material
03:48:14 | WARNING: The active Vertex Color will not be exported, as it is not used in the node tree of the material
EXPORTED public/assets/stage_sd07a.glb 61634176 meshes 131
61634176 public/assets/stage_sd07a.glb
=== sd08a 03:48:15
03:48:19 | WARNING: The active Vertex Color will not be exported, as it is not used in the node tree of the material
03:48:19 | WARNING: The active Vertex Color will not be exported, as it is not used in the node tree of the material
03:48:20 | WARNING: The active Vertex Color will not be exported, as it is not used in the node tree of the material
EXPORTED public/assets/stage_sd08a.glb 19347008 meshes 79
19347008 public/assets/stage_sd08a.glb
=== sd06a 03:48:20
03:48:39 | WARNING: The active Vertex Color will not be exported, as it is not used in the node tree of the material
03:48:39 | WARNING: The active Vertex Color will not be exported, as it is not used in the node tree of the material
03:48:39 | WARNING: The active Vertex Color will not be exported, as it is not used in the node tree of the material
EXPORTED public/assets/stage_sd06a.glb 105894084 meshes 210
105894084 public/assets/stage_sd06a.glb
=== sd11a 03:48:40
03:49:05 | WARNING: The active Vertex Color will not be exported, as it is not used in the node tree of the material
03:49:05 | WARNING: The active Vertex Color will not be exported, as it is not used in the node tree of the material
03:49:05 | WARNING: The active Vertex Color will not be exported, as it is not used in the node tree of the material
EXPORTED public/assets/stage_sd11a.glb 85437504 meshes 157
85437504 public/assets/stage_sd11a.glb
=== DONE 03:49:06
