=== 2nrt 05:34:05
05:34:32 | WARNING: The active Vertex Color will not be exported, as it is not used in the node tree of the material
05:34:32 | WARNING: The active Vertex Color will not be exported, as it is not used in the node tree of the material
05:34:32 | WARNING: The active Vertex Color will not be exported, as it is not used in the node tree of the material
05:34:32 | WARNING: The active Vertex Color will not be exported, as it is not used in the node tree of the material
05:34:32 | WARNING: The active Vertex Color will not be exported, as it is not used in the node tree of the material
05:34:32 | WARNING: The active Vertex Color will not be exported, as it is not used in the node tree of the material
EXPORTED public/assets/2nrt.glb 11193664
Error: Not freed memory blocks: 1, total unfreed memory 0.000008 MB
-rw-r--r-- 1 ysoyo 197609 11193664 Sep 15 05:35 public/assets/2nrt.glb
=== 2ssk 05:35:55
05:36:20 | WARNING: The active Vertex Color will not be exported, as it is not used in the node tree of the material
05:36:20 | WARNING: The active Vertex Color will not be exported, as it is not used in the node tree of the material
05:36:20 | WARNING: The active Vertex Color will not be exported, as it is not used in the node tree of the material
05:36:20 | WARNING: The active Vertex Color will not be exported, as it is not used in the node tree of the material
05:36:20 | WARNING: The active Vertex Color will not be exported, as it is not used in the node tree of the material
05:36:20 | WARNING: The active Vertex Color will not be exported, as it is not used in the node tree of the material
EXPORTED public/assets/2ssk.glb 15389996
Error: Not freed memory blocks: 1, total unfreed memory 0.000008 MB
-rw-r--r-- 1 ysoyo 197609 15389996 Sep 15 05:38 public/assets/2ssk.glb
=== 2kks 05:38:23
05:38:42 | WARNING: The active Vertex Color will not be exported, as it is not used in the node tree of the material
05:38:42 | WARNING: The active Vertex Color will not be exported, as it is not used in the node tree of the material
05:38:42 | WARNING: The active Vertex Color will not be exported, as it is not used in the node tree of the material
05:38:42 | WARNING: The active Vertex Color will not be exported, as it is not used in the node tree of the material
05:38:42 | WARNING: The active Vertex Color will not be exported, as it is not used in the node tree of the material
05:38:42 | WARNING: The active Vertex Color will not be exported, as it is not used in the node tree of the material
EXPORTED public/assets/2kks.glb 12093888
Error: Not freed memory blocks: 1, total unfreed memory 0.000008 MB
-rw-r--r-- 1 ysoyo 197609 12093888 Sep 15 05:39 public/assets/2kks.glb
=== 2fou 05:39:57
05:40:25 | WARNING: The active Vertex Color will not be exported, as it is not used in the node tree of the material
05:40:25 | WARNING: The active Vertex Color will not be exported, as it is not used in the node tree of the material
05:40:25 | WARNING: The active Vertex Color will not be exported, as it is not used in the node tree of the material
05:40:25 | WARNING: The active Vertex Color will not be exported, as it is not used in the node tree of the material
05:40:25 | WARNING: The active Vertex Color will not be exported, as it is not used in the node tree of the material
05:40:25 | WARNING: The active Vertex Color will not be exported, as it is not used in the node tree of the material
EXPORTED public/assets/2fou.glb 15335492
Error: Not freed memory blocks: 1, total unfreed memory 0.000008 MB
-rw-r--r-- 1 ysoyo 197609 15335492 Sep 15 05:42 public/assets/2fou.glb
=== 2gar 05:42:27
05:42:45 | WARNING: The active Vertex Color will not be exported, as it is not used in the node tree of the material
05:42:45 | WARNING: The active Vertex Color will not be exported, as it is not used in the node tree of the material
05:42:45 | WARNING: The active Vertex Color will not be exported, as it is not used in the node tree of the material
05:42:45 | WARNING: The active Vertex Color will not be exported, as it is not used in the node tree of the material
05:42:45 | WARNING: The active Vertex Color will not be exported, as it is not used in the node tree of the material
05:42:45 | WARNING: The active Vertex Color will not be exported, as it is not used in the node tree of the material
05:42:45 | WARNING: The active Vertex Color will not be exported, as it is not used in the node tree of the material
EXPORTED public/assets/2gar.glb 12156972
-rw-r--r-- 1 ysoyo 197609 12156972 Sep 15 05:44 public/assets/2gar.glb
=== 2itc 05:44:05
05:44:35 | WARNING: The active Vertex Color will not be exported, as it is not used in the node tree of the material
05:44:35 | WARNING: The active Vertex Color will not be exported, as it is not used in the node tree of the material
05:44:35 | WARNING: The active Vertex Color will not be exported, as it is not used in the node tree of the material
05:44:35 | WARNING: The active Vertex Color will not be exported, as it is not used in the node tree of the material
05:44:35 | WARNING: The active Vertex Color will not be exported, as it is not used in the node tree of the material
05:44:35 | WARNING: The active Vertex Color will not be exported, as it is not used in the node tree of the material
EXPORTED public/assets/2itc.glb 14631348
Error: Not freed memory blocks: 1, total unfreed memory 0.000008 MB
-rw-r--r-- 1 ysoyo 197609 14631348 Sep 15 05:46 public/assets/2itc.glb
=== 2ddr 05:46:24
05:46:54 | WARNING: The active Vertex Color will not be exported, as it is not used in the node tree of the material
05:46:54 | WARNING: The active Vertex Color will not be exported, as it is not used in the node tree of the material
05:46:54 | WARNING: The active Vertex Color will not be exported, as it is not used in the node tree of the material
05:46:54 | WARNING: The active Vertex Color will not be exported, as it is not used in the node tree of the material
05:46:54 | WARNING: The active Vertex Color will not be exported, as it is not used in the node tree of the material
05:46:54 | WARNING: The active Vertex Color will not be exported, as it is not used in the node tree of the material
EXPORTED public/assets/2ddr.glb 14274872
Error: Not freed memory blocks: 1, total unfreed memory 0.000008 MB
-rw-r--r-- 1 ysoyo 197609 14274872 Sep 15 05:48 public/assets/2ddr.glb
=== 3mfn 05:48:35
05:48:59 | WARNING: The active Vertex Color will not be exported, as it is not used in the node tree of the material
05:48:59 | WARNING: The active Vertex Color will not be exported, as it is not used in the node tree of the material
05:48:59 | WARNING: The active Vertex Color will not be exported, as it is not used in the node tree of the material
05:48:59 | WARNING: The active Vertex Color will not be exported, as it is not used in the node tree of the material
05:48:59 | WARNING: The active Vertex Color will not be exported, as it is not used in the node tree of the material
05:48:59 | WARNING: The active Vertex Color will not be exported, as it is not used in the node tree of the material
EXPORTED public/assets/3mfn.glb 10970220
Error: Not freed memory blocks: 1, total unfreed memory 0.000008 MB
-rw-r--r-- 1 ysoyo 197609 10970220 Sep 15 05:50 public/assets/3mfn.glb
=== DONE 05:50:28
