2pea bod1: ok 4231 KB
2pea bod1c: ok 1193 KB
2pea bod1l: ok 4818 KB
2pea skl1: ok 151 KB
2pea acc1: ok 4838 KB
2pea spl1: ok 2275 KB
2pea prm: ok 68 KB
2jry bod1: ok 3148 KB
2jry bod1c: ok 1111 KB
2jry bod1l: ok 2294 KB
2jry skl1: ok 548 KB
2jry acc1: ok 1887 KB
2jry spl1: ok 801 KB
2jry prm: ok 91 KB
2tnd bod1: ok 2808 KB
2tnd bod1c: ok 959 KB
2tnd bod1l: ok 1603 KB
2tnd skl1: ok 125 KB
2tnd acc1: not on drive
2tnd spl1: ok 913 KB
2tnd prm: ok 56 KB
2orc bod1: ok 2137 KB
2orc bod1c: ok 1253 KB
2orc bod1l: ok 2481 KB
2orc skl1: ok 220 KB
2orc acc1: ok 2654 KB
2orc spl1: ok 2031 KB
2orc prm: ok 76 KB
2roc bod1: ok 3209 KB
2roc bod1c: ok 1054 KB
2roc bod1l: ok 2666 KB
2roc skl1: ok 196 KB
2roc acc1: not on drive
2roc spl1: ok 792 KB
2roc prm: ok 89 KB
2nej bod1: ok 6294 KB
2nej bod1c: ok 1099 KB
2nej bod1l: ok 2002 KB
2nej skl1: ok 297 KB
2nej acc1: not on drive
2nej spl1: ok 1739 KB
2nej prm: ok 91 KB
2skr bod1: ok 4078 KB
2skr bod1c: ok 1237 KB
2skr bod1l: ok 2193 KB
2skr skl1: ok 131 KB
2skr acc1: not on drive
2skr spl1: ok 688 KB
2skr prm: ok 81 KB
2hnt bod1: ok 5642 KB
2hnt bod1c: ok 998 KB
2hnt bod1l: ok 1965 KB
2hnt skl1: ok 58 KB
2hnt acc1: ok 289 KB
2hnt spl1: ok 702 KB
2hnt prm: ok 108 KB
2kbt bod1: ok 2694 KB
2kbt bod1c: ok 1074 KB
2kbt bod1l: ok 2350 KB
2kbt skl1: ok 78 KB
2kbt acc1: ok 2293 KB
2kbt spl1: ok 1263 KB
2kbt prm: ok 58 KB
2ksm bod1: ok 5062 KB
2ksm bod1c: ok 1065 KB
2ksm bod1l: ok 2214 KB
2ksm skl1: ok 107 KB
2ksm acc1: ok 364 KB
2ksm spl1: ok 983 KB
2ksm prm: ok 85 KB
2hdn bod1: ok 6535 KB
2hdn bod1c: ok 1627 KB
2hdn bod1l: ok 2969 KB
2hdn skl1: ok 199 KB
2hdn acc1: ok 122 KB
2hdn spl1: ok 952 KB
2hdn prm: ok 61 KB
2tob bod1: ok 3995 KB
2tob bod1c: ok 1122 KB
2tob bod1l: ok 2359 KB
2tob skl1: ok 187 KB
2tob acc1: not on drive
2tob spl1: ok 943 KB
2tob prm: ok 88 KB
2sgt bod1: ok 2758 KB
2sgt bod1c: ok 1749 KB
2sgt bod1l: ok 2817 KB
2sgt skl1: ok 77 KB
2sgt acc1: ok 552 KB
2sgt spl1: ok 1124 KB
2sgt prm: ok 85 KB
2guy bod1: ok 3203 KB
2guy bod1c: ok 1310 KB
2guy bod1l: ok 1978 KB
2guy skl1: ok 353 KB
2guy acc1: not on drive
2guy spl1: ok 977 KB
2guy prm: ok 91 KB
DONE
