Unable to find a suitable DXT compression, falling back to uncompressed (9indbody_0, 512x512).
Unable to find a suitable DXT compression, falling back to uncompressed (9indeye_0, 512x512).
Blender 4.5.4 LTS (hash b3efe983cc58 built 2025-10-28 14:22:47)
Read blend: "C:\Users\ysoyo\storm2proto\da\indra\Indra.blend"
Fra:8 Mem:113.42M (Peak 115.37M) | Time:00:00.71 | Rendering 1 / 64 samples
Fra:8 Mem:113.42M (Peak 115.37M) | Time:00:00.74 | Rendering 25 / 64 samples
Fra:8 Mem:113.42M (Peak 115.37M) | Time:00:00.77 | Rendering 50 / 64 samples
Fra:8 Mem:113.42M (Peak 115.37M) | Time:00:00.79 | Rendering 64 / 64 samples
Saved: 'C:\Users\ysoyo\OneDrive\Desktop\wan\storm4-proto\tools\renders\stand_9ind.png'
Time: 00:00.85 (Saving: 00:00.03)

Fra:8 Mem:102.79M (Peak 106.19M) | Time:00:00.08 | Rendering 1 / 64 samples
Fra:8 Mem:102.79M (Peak 106.19M) | Time:00:00.11 | Rendering 25 / 64 samples
Fra:8 Mem:102.79M (Peak 106.19M) | Time:00:00.15 | Rendering 50 / 64 samples
Fra:8 Mem:102.79M (Peak 106.19M) | Time:00:00.17 | Rendering 64 / 64 samples
Saved: 'C:\Users\ysoyo\OneDrive\Desktop\wan\storm4-proto\tools\renders\face_9ind.png'
Time: 00:00.20 (Saving: 00:00.01)

BOUNDS <Vector (-0.6888, -0.1918, 0.0026)> <Vector (0.6888, 0.2664, 1.8358)> height 1.833191173383966
RENDERED stand_9ind.png
RENDERED face_9ind.png
DONE

Blender quit
